shadow rows 1163 (last signal 2026-07-29); re-run rows appended after that: 6
positions 2016-06+: 557 (from 557 rows; tranche collapse changed 0 positions)
vintage A: C:\Users\McKinley Slade\dev\New_Seasonals\scratch\ultracode_sizing_2026-09-02\dd_pit\pit_dial_extended.parquet  non-null 2018-01-02 .. 2026-09-01
vintage B: C:\Users\McKinley Slade\dev\New_Seasonals\data\rd2_fragility.parquet  2016-07-05 .. 2026-09-03 (frozen_through meta: {})
fear state counts: {'off': 451, 'on': 106}
scored on A: 504 (first A-scored signal 2018-01-29); scored on B: 539
unscored on B: 18 -> [datetime.date(2016, 6, 24), datetime.date(2017, 6, 27), datetime.date(2016, 6, 13), datetime.date(2016, 6, 20), datetime.date(2017, 4, 26), datetime.date(2017, 2, 28)]

================ VINTAGE A (dial_A) : 2x2 at dial 50 / fear 85 ================
  lo_off  n=281 dates=141 avgR=+0.633 win=72% dateAvgR=+0.589 t_date=5.96 t_cl=5.77 years=[2018, 2019, 2020, 2021, 2022, 2023, 2024, 2025, 2026]
  hi_off  n=118 dates= 64 avgR=+0.006 win=52% dateAvgR=+0.096 t_date=0.67 t_cl=0.04 years=[2018, 2019, 2020, 2021, 2022, 2023, 2024, 2025, 2026]
  lo_on   n= 84 dates= 42 avgR=+0.695 win=77% dateAvgR=+0.524 t_date=3.07 t_cl=3.77 years=[2018, 2019, 2020, 2021, 2022, 2023, 2025, 2026]
  hi_on   n= 21 dates= 14 avgR=+0.791 win=81% dateAvgR=+0.499 t_date=1.12 t_cl=2.04 years=[2018, 2021, 2022, 2026]
  gate 1a (hi_off - lo_off): diff avgR -0.627, date-mean diff -0.492, Welch t -2.82 (p=0.006), cluster-robust t -3.22, MW p=0.005
  gate 1b (hi_on): avgR +0.791, t_date 1.1166032866331868, t_cluster 2.0389459326194883
  leg B (lo_on - lo_off): diff avgR +0.062, date-mean diff -0.065, Welch t -0.33, MW p=0.854
  hi_on - hi_off (prereg contrast): diff +0.785, Welch t +0.86 (p=0.404), MW p=0.097
  gate 3 LOYO hi_on by year: {2018: {'n': 1, 'avgR': -0.039619047619047616}, 2021: {'n': 6, 'avgR': 1.714251851851852}, 2022: {'n': 3, 'avgR': -0.9915597883597883}, 2026: {'n': 11, 'avgR': 0.8485562930896264}}
  drop-one: {2018: {'dropped_n': 1, 'rest_n': 20, 'rest_avgR': 0.8322475485008818}, 2021: {'dropped_n': 6, 'rest_n': 15, 'rest_avgR': 0.42132138741916525}, 2022: {'dropped_n': 3, 'rest_n': 18, 'rest_avgR': 1.0877784048598864}, 2026: {'dropped_n': 11, 'rest_n': 10, 'rest_avgR': 0.7271212698412699}}
  gate 1c grid (fear thr x dial thr): 1a Welch t | 1b avgR (n) | pass
    fear>80 dial>=45: 1a t=-3.45 (hi_off n=143) | 1b avgR=0.831 (n=27) | PASS
    fear>80 dial>=50: 1a t=-2.91 (hi_off n=114) | 1b avgR=0.858 (n=25) | PASS
    fear>80 dial>=55: 1a t=-1.94 (hi_off n=87) | 1b avgR=1.078 (n=17) | PASS
    fear>85 dial>=45: 1a t=-3.43 (hi_off n=147) | 1b avgR=0.765 (n=23) | PASS
    fear>85 dial>=50: 1a t=-2.82 (hi_off n=118) | 1b avgR=0.791 (n=21) | PASS
    fear>85 dial>=55: 1a t=-1.78 (hi_off n=91) | 1b avgR=1.037 (n=13) | PASS
    fear>90 dial>=45: 1a t=-3.25 (hi_off n=154) | 1b avgR=0.648 (n=16) | PASS
    fear>90 dial>=50: 1a t=-2.83 (hi_off n=124) | 1b avgR=0.758 (n=15) | PASS
    fear>90 dial>=55: 1a t=-1.36 (hi_off n=95) | 1b avgR=0.581 (n=9) | FAIL

================ VINTAGE B (dial_B) : 2x2 at dial 50 / fear 85 ================
  lo_off  n=347 dates=179 avgR=+0.608 win=73% dateAvgR=+0.513 t_date=5.95 t_cl=6.4 years=[2016, 2017, 2018, 2019, 2020, 2021, 2022, 2023, 2024, 2025, 2026]
  hi_off  n= 86 dates= 51 avgR=-0.166 win=40% dateAvgR=+0.074 t_date=0.41 t_cl=-0.9 years=[2018, 2019, 2020, 2021, 2022, 2024, 2025, 2026]
  lo_on   n= 89 dates= 47 avgR=+0.727 win=76% dateAvgR=+0.565 t_date=3.29 t_cl=4.04 years=[2017, 2018, 2019, 2020, 2022, 2023, 2025, 2026]
  hi_on   n= 17 dates= 10 avgR=+0.706 win=88% dateAvgR=+0.413 t_date=0.8 t_cl=1.7 years=[2021, 2022, 2026]
  gate 1a (hi_off - lo_off): diff avgR -0.774, date-mean diff -0.439, Welch t -2.22 (p=0.029), cluster-robust t -3.73, MW p=0.014
  gate 1b (hi_on): avgR +0.706, t_date 0.8035434586152185, t_cluster 1.698008785210072
  leg B (lo_on - lo_off): diff avgR +0.119, date-mean diff +0.053, Welch t +0.27, MW p=0.636
  hi_on - hi_off (prereg contrast): diff +0.873, Welch t +0.62 (p=0.545), MW p=0.202
  gate 3 LOYO hi_on by year: {2021: {'n': 9, 'avgR': 1.12947771898883}, 2022: {'n': 3, 'avgR': -0.9915597883597883}, 2026: {'n': 5, 'avgR': 0.9631695238095238}}
  drop-one: {2021: {'dropped_n': 9, 'rest_n': 8, 'rest_avgR': 0.2301460317460317}, 2022: {'dropped_n': 3, 'rest_n': 14, 'rest_avgR': 1.0700819349962207}, 2026: {'dropped_n': 5, 'rest_n': 12, 'rest_avgR': 0.5992183421516756}}
  gate 1c grid (fear thr x dial thr): 1a Welch t | 1b avgR (n) | pass
    fear>80 dial>=45: 1a t=-2.27 (hi_off n=103) | 1b avgR=0.827 (n=30) | PASS
    fear>80 dial>=50: 1a t=-2.41 (hi_off n=82) | 1b avgR=0.803 (n=21) | PASS
    fear>80 dial>=55: 1a t=-1.97 (hi_off n=60) | 1b avgR=0.53 (n=16) | PASS
    fear>85 dial>=45: 1a t=-2.11 (hi_off n=109) | 1b avgR=0.772 (n=24) | PASS
    fear>85 dial>=50: 1a t=-2.22 (hi_off n=86) | 1b avgR=0.706 (n=17) | PASS
    fear>85 dial>=55: 1a t=-1.76 (hi_off n=62) | 1b avgR=0.381 (n=14) | PASS
    fear>90 dial>=45: 1a t=-2.15 (hi_off n=115) | 1b avgR=0.738 (n=18) | PASS
    fear>90 dial>=50: 1a t=-1.81 (hi_off n=90) | 1b avgR=0.289 (n=13) | FAIL
    fear>90 dial>=55: 1a t=-1.6 (hi_off n=63) | 1b avgR=0.289 (n=13) | FAIL

================ Aug-2026 out-of-sample, leg C (ONE episode; report line, not a gate) ================
rows zeroed by the live table since 2026-07-30 (present in the pc_fear-OFF re-run, absent from the production-rule re-run):
                Strategy Ticker Signal Date Entry Date  Exit Date Exit Type  dial_B  dial_A  fear_pct fear_state  R_Multiple  pnl_025  pnl_100  open_at_last_bar
SPY QQQ MonFri Reversion    QQQ  2026-08-10 2026-08-11 2026-08-13      Time  63.693  72.214    50.794        off       0.866    852.0   3406.0             False
              Monday Dip    SMH  2026-08-10 2026-08-11 2026-08-13      Time  63.693  72.214    50.794        off       0.671    283.0   1148.0             False
SPY QQQ MonFri Reversion    QQQ  2026-08-17 2026-08-18 2026-08-20      Time  84.817  92.949    38.889        off      -0.496   -488.0  -1960.0             False
SPY QQQ MonFri Reversion    SPY  2026-08-28 2026-08-31 2026-09-01      Stop  87.601  96.417    39.683        off      -1.044  -1028.0  -4112.0             False
 Weak Close Decent Sznls    XBI  2026-08-28 2026-08-31 2026-09-02      Time  87.601  96.417    39.683        off       1.239   1829.0   7315.0             False
3x Bear ETF Overbot Fade   SOXS  2026-09-02 2026-09-03 2026-09-03      Time  87.900     NaN    51.587        off       0.974    685.0   2742.0              True
since 2026-08-05: n=6, sum R +2.209, avg R +0.368, win 67%, $ at 0.25x +2,133, $ at 1.0x +8,539; still open at the 2026-09-03 bar: ['3x Bear ETF Overbot Fade SOXS']
(2026-07-30 .. 08-04, before the rule shipped: n=0)

================ live-regime status since 2026-07-30 (dial = 10d-MA 63d; fear = lag-1 pct252) ================
   session  dial_B_live  dial_A_pit  fear_pct_lag1 fear_state fear_data_date  family_zeroed
2026-07-30         50.3        56.7           95.6         on     2026-07-29          False
2026-07-31         50.9        57.8           91.7         on     2026-07-30          False
2026-08-03         51.6        59.3           88.9         on     2026-07-31          False
2026-08-04         52.9        61.0           84.9        off     2026-08-03           True
2026-08-05         54.7        63.0           71.0        off     2026-08-04           True
2026-08-06         57.2        65.6           69.4        off     2026-08-05           True
2026-08-07         60.2        68.8           68.7        off     2026-08-06           True
2026-08-10         63.7        72.2           50.8        off     2026-08-07           True
2026-08-11         67.9        75.9           49.2        off     2026-08-10           True
2026-08-12         72.2        80.4           44.0        off     2026-08-11           True
2026-08-13         76.8        85.2           44.4        off     2026-08-12           True
2026-08-14         80.8        89.4           42.5        off     2026-08-13           True
2026-08-17         84.8        92.9           38.9        off     2026-08-14           True
2026-08-18         86.8        95.7           42.9        off     2026-08-17           True
2026-08-19         88.1        97.5           54.8        off     2026-08-18           True
2026-08-20         89.1        98.4           51.2        off     2026-08-19           True
2026-08-21         89.5        98.6           52.0        off     2026-08-20           True
2026-08-24         89.5        98.3           50.0        off     2026-08-21           True
2026-08-25         88.9        98.2           54.4        off     2026-08-24           True
2026-08-26         88.6        97.8           51.2        off     2026-08-25           True
2026-08-27         88.1        97.1           52.8        off     2026-08-26           True
2026-08-28         87.6        96.4           39.7        off     2026-08-27           True
2026-08-31         87.1        96.1           44.0        off     2026-08-28           True
2026-09-01         87.5        95.6           49.2        off     2026-08-31           True
2026-09-02         87.9         NaN           51.6        off     2026-09-01           True
2026-09-03         87.8         NaN           54.4        off     2026-09-02           True
sessions with the family zeroed (live dial >= 50 and fear OFF): 23 of 26; latest: dial 87.8, fear pct 54.4 (off)

checks.json: {
 "vintage_a_path": "scratch/ultracode_sizing_2026-09-02/dd_pit/pit_dial_extended.parquet",
 "vintage_a_last_date": "2026-09-01",
 "trades_scored": 539,
 "gate_1a_sigma_A": -2.818,
 "gate_1a_sigma_B": -2.222,
 "gate_1b_avgR_A": 0.791,
 "gate_1b_t_A": 1.117,
 "gate_1b_n": 21,
 "grid_cells_passing_both": 8,
 "grid_cells_total": 9,
 "legB_diff_R": 0.062,
 "loyo_min_avgR": 0.421,
 "loyo_all_positive": true,
 "aug2026_zeroed_n": 6,
 "aug2026_at_025_R": 2.209,
 "aug2026_at_100_R": 2.209,
 "aug2026_at_100_usd": 8539.0,
 "family_off_sessions_since_0730": 23
}
